[2022-08-11T12:16:18.057+0900][gc,heap] Heap region size: 1M
[2022-08-11T12:16:18.063+0900][gc     ] Using G1
[2022-08-11T12:16:18.063+0900][gc,heap,coops] Heap address: 0x00000007c0000000, size: 1024 MB, Compressed Oops mode: Zero based, Oop shift amount: 3
[2022-08-11T12:16:19.078+0900][gc,start     ] GC(0) Pause Young (Concurrent Start) (Metadata GC Threshold)
[2022-08-11T12:16:19.078+0900][gc,task      ] GC(0) Using 8 workers of 8 for evacuation
[2022-08-11T12:16:19.091+0900][gc,phases    ] GC(0)   Pre Evacuate Collection Set: 0.0ms
[2022-08-11T12:16:19.091+0900][gc,phases    ] GC(0)   Evacuate Collection Set: 12.0ms
[2022-08-11T12:16:19.091+0900][gc,phases    ] GC(0)   Post Evacuate Collection Set: 0.4ms
[2022-08-11T12:16:19.091+0900][gc,phases    ] GC(0)   Other: 0.6ms
[2022-08-11T12:16:19.091+0900][gc,heap      ] GC(0) Eden regions: 44->0(44)
[2022-08-11T12:16:19.091+0900][gc,heap      ] GC(0) Survivor regions: 0->7(7)
[2022-08-11T12:16:19.091+0900][gc,heap      ] GC(0) Old regions: 0->0
[2022-08-11T12:16:19.091+0900][gc,heap      ] GC(0) Humongous regions: 0->0
[2022-08-11T12:16:19.091+0900][gc,metaspace ] GC(0) Metaspace: 20751K->20751K(1069056K)
[2022-08-11T12:16:19.091+0900][gc           ] GC(0) Pause Young (Concurrent Start) (Metadata GC Threshold) 43M->6M(1024M) 13.197ms
[2022-08-11T12:16:19.091+0900][gc,cpu       ] GC(0) User=0.03s Sys=0.01s Real=0.02s
[2022-08-11T12:16:19.091+0900][gc           ] GC(1) Concurrent Cycle
[2022-08-11T12:16:19.091+0900][gc,marking   ] GC(1) Concurrent Clear Claimed Marks
[2022-08-11T12:16:19.091+0900][gc,marking   ] GC(1) Concurrent Clear Claimed Marks 0.014ms
[2022-08-11T12:16:19.091+0900][gc,marking   ] GC(1) Concurrent Scan Root Regions
[2022-08-11T12:16:19.093+0900][gc,marking   ] GC(1) Concurrent Scan Root Regions 1.445ms
[2022-08-11T12:16:19.093+0900][gc,marking   ] GC(1) Concurrent Mark (1.043s)
[2022-08-11T12:16:19.093+0900][gc,marking   ] GC(1) Concurrent Mark From Roots
[2022-08-11T12:16:19.093+0900][gc,task      ] GC(1) Using 2 workers of 2 for marking
[2022-08-11T12:16:19.093+0900][gc,marking   ] GC(1) Concurrent Mark From Roots 0.119ms
[2022-08-11T12:16:19.093+0900][gc,marking   ] GC(1) Concurrent Preclean
[2022-08-11T12:16:19.093+0900][gc,marking   ] GC(1) Concurrent Preclean 0.030ms
[2022-08-11T12:16:19.093+0900][gc,marking   ] GC(1) Concurrent Mark (1.043s, 1.043s) 0.187ms
[2022-08-11T12:16:19.094+0900][gc,start     ] GC(1) Pause Remark
[2022-08-11T12:16:19.098+0900][gc,stringtable] GC(1) Cleaned string and symbol table, strings: 7300 processed, 0 removed, symbols: 63864 processed, 34 removed
[2022-08-11T12:16:19.098+0900][gc            ] GC(1) Pause Remark 7M->7M(1024M) 4.343ms
[2022-08-11T12:16:19.098+0900][gc,cpu        ] GC(1) User=0.01s Sys=0.01s Real=0.00s
[2022-08-11T12:16:19.098+0900][gc,marking    ] GC(1) Concurrent Rebuild Remembered Sets
[2022-08-11T12:16:19.098+0900][gc,marking    ] GC(1) Concurrent Rebuild Remembered Sets 0.127ms
[2022-08-11T12:16:19.098+0900][gc,start      ] GC(1) Pause Cleanup
[2022-08-11T12:16:19.098+0900][gc            ] GC(1) Pause Cleanup 7M->7M(1024M) 0.075ms
[2022-08-11T12:16:19.098+0900][gc,cpu        ] GC(1) User=0.00s Sys=0.00s Real=0.00s
[2022-08-11T12:16:19.099+0900][gc,marking    ] GC(1) Concurrent Cleanup for Next Mark
[2022-08-11T12:16:19.102+0900][gc,marking    ] GC(1) Concurrent Cleanup for Next Mark 3.434ms
[2022-08-11T12:16:19.102+0900][gc            ] GC(1) Concurrent Cycle 10.820ms
[2022-08-11T12:16:20.330+0900][gc,start      ] GC(2) Pause Young (Normal) (G1 Evacuation Pause)
[2022-08-11T12:16:20.330+0900][gc,task       ] GC(2) Using 8 workers of 8 for evacuation
[2022-08-11T12:16:20.350+0900][gc,phases     ] GC(2)   Pre Evacuate Collection Set: 0.0ms
[2022-08-11T12:16:20.350+0900][gc,phases     ] GC(2)   Evacuate Collection Set: 19.1ms
[2022-08-11T12:16:20.350+0900][gc,phases     ] GC(2)   Post Evacuate Collection Set: 0.4ms
[2022-08-11T12:16:20.350+0900][gc,phases     ] GC(2)   Other: 0.2ms
[2022-08-11T12:16:20.350+0900][gc,heap       ] GC(2) Eden regions: 44->0(48)
[2022-08-11T12:16:20.350+0900][gc,heap       ] GC(2) Survivor regions: 7->3(7)
[2022-08-11T12:16:20.350+0900][gc,heap       ] GC(2) Old regions: 0->7
[2022-08-11T12:16:20.350+0900][gc,heap       ] GC(2) Humongous regions: 129->129
[2022-08-11T12:16:20.350+0900][gc,metaspace  ] GC(2) Metaspace: 30355K->30355K(1077248K)
[2022-08-11T12:16:20.350+0900][gc            ] GC(2) Pause Young (Normal) (G1 Evacuation Pause) 179M->138M(1024M) 19.832ms
[2022-08-11T12:16:20.350+0900][gc,cpu        ] GC(2) User=0.09s Sys=0.04s Real=0.02s
[2022-08-11T12:16:20.517+0900][gc,start      ] GC(3) Pause Young (Concurrent Start) (Metadata GC Threshold)
[2022-08-11T12:16:20.517+0900][gc,task       ] GC(3) Using 8 workers of 8 for evacuation
[2022-08-11T12:16:20.520+0900][gc,phases     ] GC(3)   Pre Evacuate Collection Set: 0.0ms
[2022-08-11T12:16:20.520+0900][gc,phases     ] GC(3)   Evacuate Collection Set: 2.5ms
[2022-08-11T12:16:20.520+0900][gc,phases     ] GC(3)   Post Evacuate Collection Set: 0.2ms
[2022-08-11T12:16:20.520+0900][gc,phases     ] GC(3)   Other: 0.1ms
[2022-08-11T12:16:20.520+0900][gc,heap       ] GC(3) Eden regions: 21->0(48)
[2022-08-11T12:16:20.520+0900][gc,heap       ] GC(3) Survivor regions: 3->3(7)
[2022-08-11T12:16:20.520+0900][gc,heap       ] GC(3) Old regions: 7->7
[2022-08-11T12:16:20.520+0900][gc,heap       ] GC(3) Humongous regions: 129->129
[2022-08-11T12:16:20.520+0900][gc,metaspace  ] GC(3) Metaspace: 34583K->34583K(1081344K)
[2022-08-11T12:16:20.520+0900][gc            ] GC(3) Pause Young (Concurrent Start) (Metadata GC Threshold) 158M->138M(1024M) 2.938ms
[2022-08-11T12:16:20.520+0900][gc,cpu        ] GC(3) User=0.02s Sys=0.00s Real=0.01s
[2022-08-11T12:16:20.520+0900][gc            ] GC(4) Concurrent Cycle
[2022-08-11T12:16:20.520+0900][gc,marking    ] GC(4) Concurrent Clear Claimed Marks
[2022-08-11T12:16:20.520+0900][gc,marking    ] GC(4) Concurrent Clear Claimed Marks 0.012ms
[2022-08-11T12:16:20.520+0900][gc,marking    ] GC(4) Concurrent Scan Root Regions
[2022-08-11T12:16:20.521+0900][gc,marking    ] GC(4) Concurrent Scan Root Regions 0.857ms
[2022-08-11T12:16:20.521+0900][gc,marking    ] GC(4) Concurrent Mark (2.472s)
[2022-08-11T12:16:20.521+0900][gc,marking    ] GC(4) Concurrent Mark From Roots
[2022-08-11T12:16:20.521+0900][gc,task       ] GC(4) Using 2 workers of 2 for marking
[2022-08-11T12:16:20.526+0900][gc,marking    ] GC(4) Concurrent Mark From Roots 4.472ms
[2022-08-11T12:16:20.526+0900][gc,marking    ] GC(4) Concurrent Preclean
[2022-08-11T12:16:20.526+0900][gc,marking    ] GC(4) Concurrent Preclean 0.044ms
[2022-08-11T12:16:20.526+0900][gc,marking    ] GC(4) Concurrent Mark (2.472s, 2.476s) 4.571ms
[2022-08-11T12:16:20.526+0900][gc,start      ] GC(4) Pause Remark
[2022-08-11T12:16:20.532+0900][gc,stringtable] GC(4) Cleaned string and symbol table, strings: 10856 processed, 9 removed, symbols: 96093 processed, 22 removed
[2022-08-11T12:16:20.532+0900][gc            ] GC(4) Pause Remark 139M->139M(1024M) 5.619ms
[2022-08-11T12:16:20.532+0900][gc,cpu        ] GC(4) User=0.01s Sys=0.00s Real=0.01s
[2022-08-11T12:16:20.532+0900][gc,marking    ] GC(4) Concurrent Rebuild Remembered Sets
[2022-08-11T12:16:20.534+0900][gc,marking    ] GC(4) Concurrent Rebuild Remembered Sets 2.113ms
[2022-08-11T12:16:20.535+0900][gc,start      ] GC(4) Pause Cleanup
[2022-08-11T12:16:20.535+0900][gc            ] GC(4) Pause Cleanup 139M->139M(1024M) 0.072ms
[2022-08-11T12:16:20.535+0900][gc,cpu        ] GC(4) User=0.00s Sys=0.00s Real=0.00s
[2022-08-11T12:16:20.535+0900][gc,marking    ] GC(4) Concurrent Cleanup for Next Mark
[2022-08-11T12:16:20.538+0900][gc,marking    ] GC(4) Concurrent Cleanup for Next Mark 2.896ms
[2022-08-11T12:16:20.538+0900][gc            ] GC(4) Concurrent Cycle 17.745ms
[2022-08-11T12:16:21.386+0900][gc,start      ] GC(5) Pause Young (Normal) (G1 Evacuation Pause)
[2022-08-11T12:16:21.386+0900][gc,task       ] GC(5) Using 8 workers of 8 for evacuation
[2022-08-11T12:16:21.394+0900][gc,phases     ] GC(5)   Pre Evacuate Collection Set: 0.0ms
[2022-08-11T12:16:21.394+0900][gc,phases     ] GC(5)   Evacuate Collection Set: 7.8ms
[2022-08-11T12:16:21.394+0900][gc,phases     ] GC(5)   Post Evacuate Collection Set: 0.3ms
[2022-08-11T12:16:21.394+0900][gc,phases     ] GC(5)   Other: 0.2ms
[2022-08-11T12:16:21.394+0900][gc,heap       ] GC(5) Eden regions: 48->0(44)
[2022-08-11T12:16:21.394+0900][gc,heap       ] GC(5) Survivor regions: 3->7(7)
[2022-08-11T12:16:21.394+0900][gc,heap       ] GC(5) Old regions: 7->7
[2022-08-11T12:16:21.394+0900][gc,heap       ] GC(5) Humongous regions: 129->129
[2022-08-11T12:16:21.394+0900][gc,metaspace  ] GC(5) Metaspace: 42757K->42757K(1087488K)
[2022-08-11T12:16:21.394+0900][gc            ] GC(5) Pause Young (Normal) (G1 Evacuation Pause) 186M->142M(1024M) 8.453ms
[2022-08-11T12:16:21.394+0900][gc,cpu        ] GC(5) User=0.03s Sys=0.02s Real=0.01s
[2022-08-11T12:21:22.730+0900][gc,start      ] GC(6) Pause Young (Normal) (G1 Evacuation Pause)
[2022-08-11T12:21:22.730+0900][gc,task       ] GC(6) Using 8 workers of 8 for evacuation
[2022-08-11T12:21:22.741+0900][gc,phases     ] GC(6)   Pre Evacuate Collection Set: 0.0ms
[2022-08-11T12:21:22.741+0900][gc,phases     ] GC(6)   Evacuate Collection Set: 10.7ms
[2022-08-11T12:21:22.741+0900][gc,phases     ] GC(6)   Post Evacuate Collection Set: 0.6ms
[2022-08-11T12:21:22.741+0900][gc,phases     ] GC(6)   Other: 0.2ms
[2022-08-11T12:21:22.741+0900][gc,heap       ] GC(6) Eden regions: 44->0(48)
[2022-08-11T12:21:22.741+0900][gc,heap       ] GC(6) Survivor regions: 7->3(7)
[2022-08-11T12:21:22.741+0900][gc,heap       ] GC(6) Old regions: 7->13
[2022-08-11T12:21:22.741+0900][gc,heap       ] GC(6) Humongous regions: 129->129
[2022-08-11T12:21:22.741+0900][gc,metaspace  ] GC(6) Metaspace: 48665K->48665K(1093632K)
[2022-08-11T12:21:22.741+0900][gc            ] GC(6) Pause Young (Normal) (G1 Evacuation Pause) 186M->144M(1024M) 11.509ms
[2022-08-11T12:21:22.741+0900][gc,cpu        ] GC(6) User=0.04s Sys=0.02s Real=0.01s
[2022-08-11T12:29:40.400+0900][gc,start      ] GC(7) Pause Young (Normal) (G1 Evacuation Pause)
[2022-08-11T12:29:40.401+0900][gc,task       ] GC(7) Using 8 workers of 8 for evacuation
[2022-08-11T12:29:40.429+0900][gc,mmu        ] GC(7) MMU target violated: 21.0ms (20.0ms/21.0ms)
[2022-08-11T12:29:40.429+0900][gc,phases     ] GC(7)   Pre Evacuate Collection Set: 0.2ms
[2022-08-11T12:29:40.429+0900][gc,phases     ] GC(7)   Evacuate Collection Set: 26.1ms
[2022-08-11T12:29:40.429+0900][gc,phases     ] GC(7)   Post Evacuate Collection Set: 0.9ms
[2022-08-11T12:29:40.429+0900][gc,phases     ] GC(7)   Other: 1.8ms
[2022-08-11T12:29:40.429+0900][gc,heap       ] GC(7) Eden regions: 48->0(45)
[2022-08-11T12:29:40.429+0900][gc,heap       ] GC(7) Survivor regions: 3->6(7)
[2022-08-11T12:29:40.429+0900][gc,heap       ] GC(7) Old regions: 13->13
[2022-08-11T12:29:40.429+0900][gc,heap       ] GC(7) Humongous regions: 129->129
[2022-08-11T12:29:40.429+0900][gc,metaspace  ] GC(7) Metaspace: 52123K->52123K(1095680K)
[2022-08-11T12:29:40.429+0900][gc            ] GC(7) Pause Young (Normal) (G1 Evacuation Pause) 192M->147M(1024M) 29.135ms
[2022-08-11T12:29:40.429+0900][gc,cpu        ] GC(7) User=0.09s Sys=0.02s Real=0.02s
[2022-08-11T12:38:18.182+0900][gc,start      ] GC(8) Pause Young (Normal) (G1 Evacuation Pause)
[2022-08-11T12:38:18.183+0900][gc,task       ] GC(8) Using 8 workers of 8 for evacuation
[2022-08-11T12:38:18.215+0900][gc,mmu        ] GC(8) MMU target violated: 21.0ms (20.0ms/21.0ms)
[2022-08-11T12:38:18.215+0900][gc,phases     ] GC(8)   Pre Evacuate Collection Set: 0.2ms
[2022-08-11T12:38:18.215+0900][gc,phases     ] GC(8)   Evacuate Collection Set: 30.1ms
[2022-08-11T12:38:18.215+0900][gc,phases     ] GC(8)   Post Evacuate Collection Set: 0.7ms
[2022-08-11T12:38:18.215+0900][gc,phases     ] GC(8)   Other: 1.9ms
[2022-08-11T12:38:18.215+0900][gc,heap       ] GC(8) Eden regions: 45->0(47)
[2022-08-11T12:38:18.215+0900][gc,heap       ] GC(8) Survivor regions: 6->4(7)
[2022-08-11T12:38:18.215+0900][gc,heap       ] GC(8) Old regions: 13->16
[2022-08-11T12:38:18.215+0900][gc,heap       ] GC(8) Humongous regions: 129->129
[2022-08-11T12:38:18.215+0900][gc,metaspace  ] GC(8) Metaspace: 52219K->52219K(1097728K)
[2022-08-11T12:38:18.215+0900][gc            ] GC(8) Pause Young (Normal) (G1 Evacuation Pause) 192M->147M(1024M) 33.080ms
[2022-08-11T12:38:18.215+0900][gc,cpu        ] GC(8) User=0.12s Sys=0.03s Real=0.03s
[2022-08-11T12:48:06.647+0900][gc,start      ] GC(9) Pause Young (Normal) (G1 Evacuation Pause)
[2022-08-11T12:48:06.648+0900][gc,task       ] GC(9) Using 8 workers of 8 for evacuation
[2022-08-11T12:48:06.674+0900][gc,mmu        ] GC(9) MMU target violated: 21.0ms (20.0ms/21.0ms)
[2022-08-11T12:48:06.674+0900][gc,phases     ] GC(9)   Pre Evacuate Collection Set: 0.2ms
[2022-08-11T12:48:06.674+0900][gc,phases     ] GC(9)   Evacuate Collection Set: 23.9ms
[2022-08-11T12:48:06.674+0900][gc,phases     ] GC(9)   Post Evacuate Collection Set: 0.9ms
[2022-08-11T12:48:06.674+0900][gc,phases     ] GC(9)   Other: 1.7ms
[2022-08-11T12:48:06.674+0900][gc,heap       ] GC(9) Eden regions: 47->0(49)
[2022-08-11T12:48:06.674+0900][gc,heap       ] GC(9) Survivor regions: 4->4(7)
[2022-08-11T12:48:06.674+0900][gc,heap       ] GC(9) Old regions: 16->16
[2022-08-11T12:48:06.674+0900][gc,heap       ] GC(9) Humongous regions: 129->129
[2022-08-11T12:48:06.674+0900][gc,metaspace  ] GC(9) Metaspace: 52263K->52263K(1097728K)
[2022-08-11T12:48:06.674+0900][gc            ] GC(9) Pause Young (Normal) (G1 Evacuation Pause) 194M->148M(1024M) 26.989ms
[2022-08-11T12:48:06.674+0900][gc,cpu        ] GC(9) User=0.11s Sys=0.02s Real=0.03s
[2022-08-11T13:04:18.229+0900][gc,start      ] GC(10) Pause Young (Normal) (G1 Evacuation Pause)
[2022-08-11T13:04:18.231+0900][gc,task       ] GC(10) Using 8 workers of 8 for evacuation
[2022-08-11T13:04:18.244+0900][gc,phases     ] GC(10)   Pre Evacuate Collection Set: 0.2ms
[2022-08-11T13:04:18.244+0900][gc,phases     ] GC(10)   Evacuate Collection Set: 12.0ms
[2022-08-11T13:04:18.244+0900][gc,phases     ] GC(10)   Post Evacuate Collection Set: 0.6ms
[2022-08-11T13:04:18.244+0900][gc,phases     ] GC(10)   Other: 1.6ms
[2022-08-11T13:04:18.244+0900][gc,heap       ] GC(10) Eden regions: 49->0(89)
[2022-08-11T13:04:18.244+0900][gc,heap       ] GC(10) Survivor regions: 4->4(7)
[2022-08-11T13:04:18.244+0900][gc,heap       ] GC(10) Old regions: 16->16
[2022-08-11T13:04:18.244+0900][gc,heap       ] GC(10) Humongous regions: 129->129
[2022-08-11T13:04:18.244+0900][gc,metaspace  ] GC(10) Metaspace: 52362K->52362K(1097728K)
[2022-08-11T13:04:18.244+0900][gc            ] GC(10) Pause Young (Normal) (G1 Evacuation Pause) 197M->148M(1024M) 14.549ms
[2022-08-11T13:04:18.244+0900][gc,cpu        ] GC(10) User=0.08s Sys=0.01s Real=0.02s
[2022-08-11T14:08:20.894+0900][gc,start      ] GC(11) Pause Young (Normal) (G1 Evacuation Pause)
[2022-08-11T14:08:20.895+0900][gc,task       ] GC(11) Using 8 workers of 8 for evacuation
[2022-08-11T14:08:20.930+0900][gc,mmu        ] GC(11) MMU target violated: 21.0ms (20.0ms/21.0ms)
[2022-08-11T14:08:20.930+0900][gc,phases     ] GC(11)   Pre Evacuate Collection Set: 1.3ms
[2022-08-11T14:08:20.930+0900][gc,phases     ] GC(11)   Evacuate Collection Set: 32.2ms
[2022-08-11T14:08:20.930+0900][gc,phases     ] GC(11)   Post Evacuate Collection Set: 1.0ms
[2022-08-11T14:08:20.930+0900][gc,phases     ] GC(11)   Other: 2.2ms
[2022-08-11T14:08:20.930+0900][gc,heap       ] GC(11) Eden regions: 89->0(49)
[2022-08-11T14:08:20.930+0900][gc,heap       ] GC(11) Survivor regions: 4->3(12)
[2022-08-11T14:08:20.930+0900][gc,heap       ] GC(11) Old regions: 16->16
[2022-08-11T14:08:20.930+0900][gc,heap       ] GC(11) Humongous regions: 129->129
[2022-08-11T14:08:20.930+0900][gc,metaspace  ] GC(11) Metaspace: 52514K->52514K(1097728K)
[2022-08-11T14:08:20.930+0900][gc            ] GC(11) Pause Young (Normal) (G1 Evacuation Pause) 237M->147M(1024M) 36.831ms
[2022-08-11T14:08:20.930+0900][gc,cpu        ] GC(11) User=0.09s Sys=0.05s Real=0.04s
[2022-08-11T16:28:55.746+0900][gc,start      ] GC(12) Pause Young (Normal) (G1 Evacuation Pause)
[2022-08-11T16:28:55.748+0900][gc,task       ] GC(12) Using 8 workers of 8 for evacuation
[2022-08-11T16:28:55.767+0900][gc,phases     ] GC(12)   Pre Evacuate Collection Set: 0.3ms
[2022-08-11T16:28:55.767+0900][gc,phases     ] GC(12)   Evacuate Collection Set: 16.9ms
[2022-08-11T16:28:55.767+0900][gc,phases     ] GC(12)   Post Evacuate Collection Set: 1.3ms
[2022-08-11T16:28:55.767+0900][gc,phases     ] GC(12)   Other: 2.4ms
[2022-08-11T16:28:55.767+0900][gc,heap       ] GC(12) Eden regions: 49->0(51)
[2022-08-11T16:28:55.767+0900][gc,heap       ] GC(12) Survivor regions: 3->3(7)
[2022-08-11T16:28:55.767+0900][gc,heap       ] GC(12) Old regions: 16->16
[2022-08-11T16:28:55.767+0900][gc,heap       ] GC(12) Humongous regions: 129->129
[2022-08-11T16:28:55.767+0900][gc,metaspace  ] GC(12) Metaspace: 52559K->52559K(1097728K)
[2022-08-11T16:28:55.767+0900][gc            ] GC(12) Pause Young (Normal) (G1 Evacuation Pause) 196M->147M(1024M) 21.041ms
[2022-08-11T16:28:55.767+0900][gc,cpu        ] GC(12) User=0.05s Sys=0.01s Real=0.02s
[2022-08-11T16:35:14.533+0900][gc,start      ] GC(13) Pause Young (Normal) (G1 Evacuation Pause)
[2022-08-11T16:35:14.535+0900][gc,task       ] GC(13) Using 8 workers of 8 for evacuation
[2022-08-11T16:35:14.560+0900][gc,mmu        ] GC(13) MMU target violated: 21.0ms (20.0ms/21.0ms)
[2022-08-11T16:35:14.560+0900][gc,phases     ] GC(13)   Pre Evacuate Collection Set: 0.1ms
[2022-08-11T16:35:14.560+0900][gc,phases     ] GC(13)   Evacuate Collection Set: 24.5ms
[2022-08-11T16:35:14.560+0900][gc,phases     ] GC(13)   Post Evacuate Collection Set: 0.7ms
[2022-08-11T16:35:14.560+0900][gc,phases     ] GC(13)   Other: 1.8ms
[2022-08-11T16:35:14.560+0900][gc,heap       ] GC(13) Eden regions: 51->0(55)
[2022-08-11T16:35:14.560+0900][gc,heap       ] GC(13) Survivor regions: 3->6(7)
[2022-08-11T16:35:14.560+0900][gc,heap       ] GC(13) Old regions: 16->16
[2022-08-11T16:35:14.561+0900][gc,heap       ] GC(13) Humongous regions: 129->129
[2022-08-11T16:35:14.561+0900][gc,metaspace  ] GC(13) Metaspace: 52731K->52731K(1097728K)
[2022-08-11T16:35:14.561+0900][gc            ] GC(13) Pause Young (Normal) (G1 Evacuation Pause) 198M->149M(1024M) 27.140ms
[2022-08-11T16:35:14.561+0900][gc,cpu        ] GC(13) User=0.11s Sys=0.03s Real=0.03s
[2022-08-11T16:51:46.935+0900][gc,start      ] GC(14) Pause Young (Normal) (G1 Evacuation Pause)
[2022-08-11T16:51:46.935+0900][gc,task       ] GC(14) Using 8 workers of 8 for evacuation
[2022-08-11T16:51:46.972+0900][gc,mmu        ] GC(14) MMU target violated: 21.0ms (20.0ms/21.0ms)
[2022-08-11T16:51:46.972+0900][gc,phases     ] GC(14)   Pre Evacuate Collection Set: 0.5ms
[2022-08-11T16:51:46.972+0900][gc,phases     ] GC(14)   Evacuate Collection Set: 34.6ms
[2022-08-11T16:51:46.972+0900][gc,phases     ] GC(14)   Post Evacuate Collection Set: 0.7ms
[2022-08-11T16:51:46.972+0900][gc,phases     ] GC(14)   Other: 1.2ms
[2022-08-11T16:51:46.972+0900][gc,heap       ] GC(14) Eden regions: 55->0(63)
[2022-08-11T16:51:46.972+0900][gc,heap       ] GC(14) Survivor regions: 6->3(8)
[2022-08-11T16:51:46.972+0900][gc,heap       ] GC(14) Old regions: 16->18
[2022-08-11T16:51:46.972+0900][gc,heap       ] GC(14) Humongous regions: 129->129
[2022-08-11T16:51:46.972+0900][gc,metaspace  ] GC(14) Metaspace: 52787K->52787K(1097728K)
[2022-08-11T16:51:46.972+0900][gc            ] GC(14) Pause Young (Normal) (G1 Evacuation Pause) 204M->149M(1024M) 37.078ms
[2022-08-11T16:51:46.972+0900][gc,cpu        ] GC(14) User=0.12s Sys=0.03s Real=0.04s
[2022-08-11T16:56:33.551+0900][gc,start      ] GC(15) Pause Young (Normal) (G1 Evacuation Pause)
[2022-08-11T16:56:33.552+0900][gc,task       ] GC(15) Using 8 workers of 8 for evacuation
[2022-08-11T16:56:33.565+0900][gc,phases     ] GC(15)   Pre Evacuate Collection Set: 0.1ms
[2022-08-11T16:56:33.565+0900][gc,phases     ] GC(15)   Evacuate Collection Set: 12.2ms
[2022-08-11T16:56:33.565+0900][gc,phases     ] GC(15)   Post Evacuate Collection Set: 0.7ms
[2022-08-11T16:56:33.565+0900][gc,phases     ] GC(15)   Other: 1.3ms
[2022-08-11T16:56:33.565+0900][gc,heap       ] GC(15) Eden regions: 63->0(67)
[2022-08-11T16:56:33.565+0900][gc,heap       ] GC(15) Survivor regions: 3->4(9)
[2022-08-11T16:56:33.565+0900][gc,heap       ] GC(15) Old regions: 18->18
[2022-08-11T16:56:33.565+0900][gc,heap       ] GC(15) Humongous regions: 129->129
[2022-08-11T16:56:33.565+0900][gc,metaspace  ] GC(15) Metaspace: 52799K->52799K(1097728K)
[2022-08-11T16:56:33.565+0900][gc            ] GC(15) Pause Young (Normal) (G1 Evacuation Pause) 212M->150M(1024M) 14.626ms
[2022-08-11T16:56:33.566+0900][gc,cpu        ] GC(15) User=0.03s Sys=0.00s Real=0.01s
[2022-08-11T17:01:34.856+0900][gc,start      ] GC(16) Pause Young (Normal) (G1 Evacuation Pause)
[2022-08-11T17:01:34.857+0900][gc,task       ] GC(16) Using 8 workers of 8 for evacuation
[2022-08-11T17:01:34.869+0900][gc,phases     ] GC(16)   Pre Evacuate Collection Set: 0.2ms
[2022-08-11T17:01:34.869+0900][gc,phases     ] GC(16)   Evacuate Collection Set: 11.5ms
[2022-08-11T17:01:34.869+0900][gc,phases     ] GC(16)   Post Evacuate Collection Set: 0.4ms
[2022-08-11T17:01:34.869+0900][gc,phases     ] GC(16)   Other: 1.5ms
[2022-08-11T17:01:34.869+0900][gc,heap       ] GC(16) Eden regions: 67->0(67)
[2022-08-11T17:01:34.869+0900][gc,heap       ] GC(16) Survivor regions: 4->9(9)
[2022-08-11T17:01:34.869+0900][gc,heap       ] GC(16) Old regions: 18->18
[2022-08-11T17:01:34.869+0900][gc,heap       ] GC(16) Humongous regions: 129->129
[2022-08-11T17:01:34.869+0900][gc,metaspace  ] GC(16) Metaspace: 52875K->52875K(1097728K)
[2022-08-11T17:01:34.869+0900][gc            ] GC(16) Pause Young (Normal) (G1 Evacuation Pause) 217M->155M(1024M) 13.803ms
[2022-08-11T17:01:34.870+0900][gc,cpu        ] GC(16) User=0.05s Sys=0.02s Real=0.02s
[2022-08-11T17:06:09.538+0900][gc,start      ] GC(17) Pause Young (Normal) (G1 Evacuation Pause)
[2022-08-11T17:06:09.539+0900][gc,task       ] GC(17) Using 8 workers of 8 for evacuation
[2022-08-11T17:06:09.559+0900][gc,phases     ] GC(17)   Pre Evacuate Collection Set: 0.8ms
[2022-08-11T17:06:09.559+0900][gc,phases     ] GC(17)   Evacuate Collection Set: 17.7ms
[2022-08-11T17:06:09.559+0900][gc,phases     ] GC(17)   Post Evacuate Collection Set: 0.5ms
[2022-08-11T17:06:09.559+0900][gc,phases     ] GC(17)   Other: 1.6ms
[2022-08-11T17:06:09.559+0900][gc,heap       ] GC(17) Eden regions: 67->0(67)
[2022-08-11T17:06:09.559+0900][gc,heap       ] GC(17) Survivor regions: 9->7(10)
[2022-08-11T17:06:09.559+0900][gc,heap       ] GC(17) Old regions: 18->25
[2022-08-11T17:06:09.559+0900][gc,heap       ] GC(17) Humongous regions: 129->129
[2022-08-11T17:06:09.559+0900][gc,metaspace  ] GC(17) Metaspace: 52877K->52877K(1097728K)
[2022-08-11T17:06:09.559+0900][gc            ] GC(17) Pause Young (Normal) (G1 Evacuation Pause) 222M->159M(1024M) 20.745ms
[2022-08-11T17:06:09.559+0900][gc,cpu        ] GC(17) User=0.07s Sys=0.01s Real=0.02s
[2022-08-11T17:10:39.443+0900][gc,start      ] GC(18) Pause Young (Normal) (G1 Evacuation Pause)
[2022-08-11T17:10:39.444+0900][gc,task       ] GC(18) Using 8 workers of 8 for evacuation
[2022-08-11T17:10:39.456+0900][gc,phases     ] GC(18)   Pre Evacuate Collection Set: 0.2ms
[2022-08-11T17:10:39.456+0900][gc,phases     ] GC(18)   Evacuate Collection Set: 10.4ms
[2022-08-11T17:10:39.456+0900][gc,phases     ] GC(18)   Post Evacuate Collection Set: 0.4ms
[2022-08-11T17:10:39.456+0900][gc,phases     ] GC(18)   Other: 2.0ms
[2022-08-11T17:10:39.456+0900][gc,heap       ] GC(18) Eden regions: 67->0(75)
[2022-08-11T17:10:39.456+0900][gc,heap       ] GC(18) Survivor regions: 7->5(10)
[2022-08-11T17:10:39.456+0900][gc,heap       ] GC(18) Old regions: 25->28
[2022-08-11T17:10:39.456+0900][gc,heap       ] GC(18) Humongous regions: 129->129
[2022-08-11T17:10:39.456+0900][gc,metaspace  ] GC(18) Metaspace: 52879K->52879K(1097728K)
[2022-08-11T17:10:39.456+0900][gc            ] GC(18) Pause Young (Normal) (G1 Evacuation Pause) 226M->161M(1024M) 13.202ms
[2022-08-11T17:10:39.456+0900][gc,cpu        ] GC(18) User=0.06s Sys=0.00s Real=0.01s
[2022-08-11T17:15:15.143+0900][gc,start      ] GC(19) Pause Young (Normal) (G1 Evacuation Pause)
[2022-08-11T17:15:15.143+0900][gc,task       ] GC(19) Using 8 workers of 8 for evacuation
[2022-08-11T17:15:15.160+0900][gc,phases     ] GC(19)   Pre Evacuate Collection Set: 0.1ms
[2022-08-11T17:15:15.160+0900][gc,phases     ] GC(19)   Evacuate Collection Set: 16.0ms
[2022-08-11T17:15:15.160+0900][gc,phases     ] GC(19)   Post Evacuate Collection Set: 0.4ms
[2022-08-11T17:15:15.160+0900][gc,phases     ] GC(19)   Other: 1.1ms
[2022-08-11T17:15:15.160+0900][gc,heap       ] GC(19) Eden regions: 75->0(71)
[2022-08-11T17:15:15.160+0900][gc,heap       ] GC(19) Survivor regions: 5->10(10)
[2022-08-11T17:15:15.160+0900][gc,heap       ] GC(19) Old regions: 28->28
[2022-08-11T17:15:15.160+0900][gc,heap       ] GC(19) Humongous regions: 129->129
[2022-08-11T17:15:15.160+0900][gc,metaspace  ] GC(19) Metaspace: 53069K->53069K(1097728K)
[2022-08-11T17:15:15.160+0900][gc            ] GC(19) Pause Young (Normal) (G1 Evacuation Pause) 236M->166M(1024M) 17.871ms
[2022-08-11T17:15:15.161+0900][gc,cpu        ] GC(19) User=0.06s Sys=0.03s Real=0.02s
[2022-08-11T17:19:29.653+0900][gc,start      ] GC(20) Pause Young (Normal) (G1 Evacuation Pause)
[2022-08-11T17:19:29.654+0900][gc,task       ] GC(20) Using 8 workers of 8 for evacuation
[2022-08-11T17:19:29.669+0900][gc,phases     ] GC(20)   Pre Evacuate Collection Set: 0.7ms
[2022-08-11T17:19:29.669+0900][gc,phases     ] GC(20)   Evacuate Collection Set: 13.1ms
[2022-08-11T17:19:29.669+0900][gc,phases     ] GC(20)   Post Evacuate Collection Set: 0.6ms
[2022-08-11T17:19:29.669+0900][gc,phases     ] GC(20)   Other: 2.1ms
[2022-08-11T17:19:29.669+0900][gc,heap       ] GC(20) Eden regions: 70->0(82)
[2022-08-11T17:19:29.669+0900][gc,heap       ] GC(20) Survivor regions: 10->5(10)
[2022-08-11T17:19:29.669+0900][gc,heap       ] GC(20) Old regions: 28->36
[2022-08-11T17:19:29.669+0900][gc,heap       ] GC(20) Humongous regions: 129->129
[2022-08-11T17:19:29.669+0900][gc,metaspace  ] GC(20) Metaspace: 53079K->53079K(1097728K)
[2022-08-11T17:19:29.669+0900][gc            ] GC(20) Pause Young (Normal) (G1 Evacuation Pause) 236M->169M(1024M) 16.740ms
[2022-08-11T17:19:29.669+0900][gc,cpu        ] GC(20) User=0.07s Sys=0.01s Real=0.01s
[2022-08-11T17:24:51.081+0900][gc,start      ] GC(21) Pause Young (Normal) (G1 Evacuation Pause)
[2022-08-11T17:24:51.083+0900][gc,task       ] GC(21) Using 8 workers of 8 for evacuation
[2022-08-11T17:24:51.097+0900][gc,phases     ] GC(21)   Pre Evacuate Collection Set: 0.2ms
[2022-08-11T17:24:51.097+0900][gc,phases     ] GC(21)   Evacuate Collection Set: 13.6ms
[2022-08-11T17:24:51.097+0900][gc,phases     ] GC(21)   Post Evacuate Collection Set: 0.4ms
[2022-08-11T17:24:51.097+0900][gc,phases     ] GC(21)   Other: 2.0ms
[2022-08-11T17:24:51.097+0900][gc,heap       ] GC(21) Eden regions: 82->0(80)
[2022-08-11T17:24:51.097+0900][gc,heap       ] GC(21) Survivor regions: 5->10(11)
[2022-08-11T17:24:51.097+0900][gc,heap       ] GC(21) Old regions: 36->36
[2022-08-11T17:24:51.097+0900][gc,heap       ] GC(21) Humongous regions: 129->129
[2022-08-11T17:24:51.098+0900][gc,metaspace  ] GC(21) Metaspace: 53122K->53122K(1097728K)
[2022-08-11T17:24:51.098+0900][gc            ] GC(21) Pause Young (Normal) (G1 Evacuation Pause) 251M->173M(1024M) 16.321ms
[2022-08-11T17:24:51.098+0900][gc,cpu        ] GC(21) User=0.07s Sys=0.01s Real=0.01s
[2022-08-11T17:29:33.852+0900][gc,start      ] GC(22) Pause Young (Normal) (G1 Evacuation Pause)
[2022-08-11T17:29:33.852+0900][gc,task       ] GC(22) Using 8 workers of 8 for evacuation
[2022-08-11T17:29:33.860+0900][gc,phases     ] GC(22)   Pre Evacuate Collection Set: 0.0ms
[2022-08-11T17:29:33.860+0900][gc,phases     ] GC(22)   Evacuate Collection Set: 7.3ms
[2022-08-11T17:29:33.860+0900][gc,phases     ] GC(22)   Post Evacuate Collection Set: 0.4ms
[2022-08-11T17:29:33.860+0900][gc,phases     ] GC(22)   Other: 0.4ms
[2022-08-11T17:29:33.860+0900][gc,heap       ] GC(22) Eden regions: 71->0(85)
[2022-08-11T17:29:33.860+0900][gc,heap       ] GC(22) Survivor regions: 10->10(11)
[2022-08-11T17:29:33.860+0900][gc,heap       ] GC(22) Old regions: 36->39
[2022-08-11T17:29:33.860+0900][gc,heap       ] GC(22) Humongous regions: 129->129
[2022-08-11T17:29:33.860+0900][gc,metaspace  ] GC(22) Metaspace: 53740K->53740K(1097728K)
[2022-08-11T17:29:33.860+0900][gc            ] GC(22) Pause Young (Normal) (G1 Evacuation Pause) 244M->177M(1024M) 8.225ms
[2022-08-11T17:29:33.860+0900][gc,cpu        ] GC(22) User=0.05s Sys=0.00s Real=0.01s
[2022-08-11T17:29:37.480+0900][gc,heap,exit  ] Heap
[2022-08-11T17:29:37.481+0900][gc,heap,exit  ]  garbage-first heap   total 1048576K, used 186711K [0x00000007c0000000, 0x0000000800000000)
[2022-08-11T17:29:37.481+0900][gc,heap,exit  ]   region size 1024K, 16 young (16384K), 10 survivors (10240K)
[2022-08-11T17:29:37.481+0900][gc,heap,exit  ]  Metaspace       used 53961K, capacity 57065K, committed 57392K, reserved 1097728K
[2022-08-11T17:29:37.481+0900][gc,heap,exit  ]   class space    used 6764K, capacity 8244K, committed 8320K, reserved 1048576K
