[2022-08-25T15:56:48.254+0900][gc,heap] Heap region size: 1M
[2022-08-25T15:56:48.259+0900][gc     ] Using G1
[2022-08-25T15:56:48.259+0900][gc,heap,coops] Heap address: 0x00000007c0000000, size: 1024 MB, Compressed Oops mode: Zero based, Oop shift amount: 3
[2022-08-25T15:56:49.316+0900][gc,start     ] GC(0) Pause Young (Concurrent Start) (Metadata GC Threshold)
[2022-08-25T15:56:49.317+0900][gc,task      ] GC(0) Using 8 workers of 8 for evacuation
[2022-08-25T15:56:49.328+0900][gc,phases    ] GC(0)   Pre Evacuate Collection Set: 0.0ms
[2022-08-25T15:56:49.328+0900][gc,phases    ] GC(0)   Evacuate Collection Set: 10.4ms
[2022-08-25T15:56:49.328+0900][gc,phases    ] GC(0)   Post Evacuate Collection Set: 0.3ms
[2022-08-25T15:56:49.328+0900][gc,phases    ] GC(0)   Other: 0.7ms
[2022-08-25T15:56:49.328+0900][gc,heap      ] GC(0) Eden regions: 43->0(44)
[2022-08-25T15:56:49.328+0900][gc,heap      ] GC(0) Survivor regions: 0->7(7)
[2022-08-25T15:56:49.328+0900][gc,heap      ] GC(0) Old regions: 0->0
[2022-08-25T15:56:49.328+0900][gc,heap      ] GC(0) Humongous regions: 0->0
[2022-08-25T15:56:49.328+0900][gc,metaspace ] GC(0) Metaspace: 20634K->20634K(1069056K)
[2022-08-25T15:56:49.328+0900][gc           ] GC(0) Pause Young (Concurrent Start) (Metadata GC Threshold) 43M->6M(1024M) 11.527ms
[2022-08-25T15:56:49.328+0900][gc,cpu       ] GC(0) User=0.03s Sys=0.02s Real=0.01s
[2022-08-25T15:56:49.328+0900][gc           ] GC(1) Concurrent Cycle
[2022-08-25T15:56:49.328+0900][gc,marking   ] GC(1) Concurrent Clear Claimed Marks
[2022-08-25T15:56:49.328+0900][gc,marking   ] GC(1) Concurrent Clear Claimed Marks 0.013ms
[2022-08-25T15:56:49.328+0900][gc,marking   ] GC(1) Concurrent Scan Root Regions
[2022-08-25T15:56:49.330+0900][gc,marking   ] GC(1) Concurrent Scan Root Regions 1.549ms
[2022-08-25T15:56:49.330+0900][gc,marking   ] GC(1) Concurrent Mark (1.084s)
[2022-08-25T15:56:49.330+0900][gc,marking   ] GC(1) Concurrent Mark From Roots
[2022-08-25T15:56:49.330+0900][gc,task      ] GC(1) Using 2 workers of 2 for marking
[2022-08-25T15:56:49.330+0900][gc,marking   ] GC(1) Concurrent Mark From Roots 0.153ms
[2022-08-25T15:56:49.330+0900][gc,marking   ] GC(1) Concurrent Preclean
[2022-08-25T15:56:49.330+0900][gc,marking   ] GC(1) Concurrent Preclean 0.025ms
[2022-08-25T15:56:49.330+0900][gc,marking   ] GC(1) Concurrent Mark (1.084s, 1.085s) 0.210ms
[2022-08-25T15:56:49.331+0900][gc,start     ] GC(1) Pause Remark
[2022-08-25T15:56:49.335+0900][gc,stringtable] GC(1) Cleaned string and symbol table, strings: 7276 processed, 0 removed, symbols: 63822 processed, 34 removed
[2022-08-25T15:56:49.335+0900][gc            ] GC(1) Pause Remark 7M->7M(1024M) 4.261ms
[2022-08-25T15:56:49.335+0900][gc,cpu        ] GC(1) User=0.01s Sys=0.00s Real=0.00s
[2022-08-25T15:56:49.335+0900][gc,marking    ] GC(1) Concurrent Rebuild Remembered Sets
[2022-08-25T15:56:49.336+0900][gc,marking    ] GC(1) Concurrent Rebuild Remembered Sets 0.183ms
[2022-08-25T15:56:49.336+0900][gc,start      ] GC(1) Pause Cleanup
[2022-08-25T15:56:49.336+0900][gc            ] GC(1) Pause Cleanup 7M->7M(1024M) 0.075ms
[2022-08-25T15:56:49.336+0900][gc,cpu        ] GC(1) User=0.00s Sys=0.00s Real=0.00s
[2022-08-25T15:56:49.336+0900][gc,marking    ] GC(1) Concurrent Cleanup for Next Mark
[2022-08-25T15:56:49.339+0900][gc,marking    ] GC(1) Concurrent Cleanup for Next Mark 2.713ms
[2022-08-25T15:56:49.339+0900][gc            ] GC(1) Concurrent Cycle 10.626ms
[2022-08-25T15:56:50.672+0900][gc,start      ] GC(2) Pause Young (Normal) (G1 Evacuation Pause)
[2022-08-25T15:56:50.672+0900][gc,task       ] GC(2) Using 8 workers of 8 for evacuation
[2022-08-25T15:56:50.685+0900][gc,phases     ] GC(2)   Pre Evacuate Collection Set: 0.0ms
[2022-08-25T15:56:50.685+0900][gc,phases     ] GC(2)   Evacuate Collection Set: 13.0ms
[2022-08-25T15:56:50.685+0900][gc,phases     ] GC(2)   Post Evacuate Collection Set: 0.3ms
[2022-08-25T15:56:50.685+0900][gc,phases     ] GC(2)   Other: 0.1ms
[2022-08-25T15:56:50.685+0900][gc,heap       ] GC(2) Eden regions: 44->0(48)
[2022-08-25T15:56:50.685+0900][gc,heap       ] GC(2) Survivor regions: 7->3(7)
[2022-08-25T15:56:50.685+0900][gc,heap       ] GC(2) Old regions: 0->7
[2022-08-25T15:56:50.685+0900][gc,heap       ] GC(2) Humongous regions: 129->129
[2022-08-25T15:56:50.685+0900][gc,metaspace  ] GC(2) Metaspace: 30232K->30232K(1077248K)
[2022-08-25T15:56:50.685+0900][gc            ] GC(2) Pause Young (Normal) (G1 Evacuation Pause) 179M->138M(1024M) 13.558ms
[2022-08-25T15:56:50.685+0900][gc,cpu        ] GC(2) User=0.05s Sys=0.02s Real=0.01s
[2022-08-25T15:56:50.878+0900][gc,start      ] GC(3) Pause Young (Concurrent Start) (Metadata GC Threshold)
[2022-08-25T15:56:50.878+0900][gc,task       ] GC(3) Using 8 workers of 8 for evacuation
[2022-08-25T15:56:50.881+0900][gc,phases     ] GC(3)   Pre Evacuate Collection Set: 0.0ms
[2022-08-25T15:56:50.881+0900][gc,phases     ] GC(3)   Evacuate Collection Set: 2.7ms
[2022-08-25T15:56:50.881+0900][gc,phases     ] GC(3)   Post Evacuate Collection Set: 0.1ms
[2022-08-25T15:56:50.881+0900][gc,phases     ] GC(3)   Other: 0.1ms
[2022-08-25T15:56:50.881+0900][gc,heap       ] GC(3) Eden regions: 22->0(48)
[2022-08-25T15:56:50.881+0900][gc,heap       ] GC(3) Survivor regions: 3->3(7)
[2022-08-25T15:56:50.881+0900][gc,heap       ] GC(3) Old regions: 7->7
[2022-08-25T15:56:50.881+0900][gc,heap       ] GC(3) Humongous regions: 129->129
[2022-08-25T15:56:50.881+0900][gc,metaspace  ] GC(3) Metaspace: 34840K->34840K(1081344K)
[2022-08-25T15:56:50.881+0900][gc            ] GC(3) Pause Young (Concurrent Start) (Metadata GC Threshold) 160M->138M(1024M) 3.027ms
[2022-08-25T15:56:50.881+0900][gc,cpu        ] GC(3) User=0.01s Sys=0.00s Real=0.01s
[2022-08-25T15:56:50.881+0900][gc            ] GC(4) Concurrent Cycle
[2022-08-25T15:56:50.881+0900][gc,marking    ] GC(4) Concurrent Clear Claimed Marks
[2022-08-25T15:56:50.881+0900][gc,marking    ] GC(4) Concurrent Clear Claimed Marks 0.014ms
[2022-08-25T15:56:50.881+0900][gc,marking    ] GC(4) Concurrent Scan Root Regions
[2022-08-25T15:56:50.882+0900][gc,marking    ] GC(4) Concurrent Scan Root Regions 0.898ms
[2022-08-25T15:56:50.882+0900][gc,marking    ] GC(4) Concurrent Mark (2.636s)
[2022-08-25T15:56:50.882+0900][gc,marking    ] GC(4) Concurrent Mark From Roots
[2022-08-25T15:56:50.883+0900][gc,task       ] GC(4) Using 2 workers of 2 for marking
[2022-08-25T15:56:50.888+0900][gc,marking    ] GC(4) Concurrent Mark From Roots 5.568ms
[2022-08-25T15:56:50.888+0900][gc,marking    ] GC(4) Concurrent Preclean
[2022-08-25T15:56:50.888+0900][gc,marking    ] GC(4) Concurrent Preclean 0.039ms
[2022-08-25T15:56:50.888+0900][gc,marking    ] GC(4) Concurrent Mark (2.636s, 2.642s) 5.653ms
[2022-08-25T15:56:50.888+0900][gc,start      ] GC(4) Pause Remark
[2022-08-25T15:56:50.893+0900][gc,stringtable] GC(4) Cleaned string and symbol table, strings: 10879 processed, 8 removed, symbols: 96284 processed, 25 removed
[2022-08-25T15:56:50.893+0900][gc            ] GC(4) Pause Remark 139M->139M(1024M) 4.989ms
[2022-08-25T15:56:50.893+0900][gc,cpu        ] GC(4) User=0.01s Sys=0.01s Real=0.01s
[2022-08-25T15:56:50.893+0900][gc,marking    ] GC(4) Concurrent Rebuild Remembered Sets
[2022-08-25T15:56:50.895+0900][gc,marking    ] GC(4) Concurrent Rebuild Remembered Sets 2.267ms
[2022-08-25T15:56:50.896+0900][gc,start      ] GC(4) Pause Cleanup
[2022-08-25T15:56:50.896+0900][gc            ] GC(4) Pause Cleanup 139M->139M(1024M) 0.076ms
[2022-08-25T15:56:50.896+0900][gc,cpu        ] GC(4) User=0.00s Sys=0.00s Real=0.00s
[2022-08-25T15:56:50.896+0900][gc,marking    ] GC(4) Concurrent Cleanup for Next Mark
[2022-08-25T15:56:50.899+0900][gc,marking    ] GC(4) Concurrent Cleanup for Next Mark 2.867ms
[2022-08-25T15:56:50.899+0900][gc            ] GC(4) Concurrent Cycle 17.903ms
[2022-08-25T15:56:51.746+0900][gc,start      ] GC(5) Pause Young (Normal) (G1 Evacuation Pause)
[2022-08-25T15:56:51.756+0900][gc,task       ] GC(5) Using 8 workers of 8 for evacuation
[2022-08-25T15:56:51.763+0900][gc,phases     ] GC(5)   Pre Evacuate Collection Set: 0.0ms
[2022-08-25T15:56:51.763+0900][gc,phases     ] GC(5)   Evacuate Collection Set: 6.6ms
[2022-08-25T15:56:51.763+0900][gc,phases     ] GC(5)   Post Evacuate Collection Set: 0.4ms
[2022-08-25T15:56:51.763+0900][gc,phases     ] GC(5)   Other: 9.6ms
[2022-08-25T15:56:51.763+0900][gc,heap       ] GC(5) Eden regions: 48->0(44)
[2022-08-25T15:56:51.763+0900][gc,heap       ] GC(5) Survivor regions: 3->7(7)
[2022-08-25T15:56:51.763+0900][gc,heap       ] GC(5) Old regions: 7->7
[2022-08-25T15:56:51.763+0900][gc,heap       ] GC(5) Humongous regions: 129->129
[2022-08-25T15:56:51.763+0900][gc,metaspace  ] GC(5) Metaspace: 43090K->43090K(1089536K)
[2022-08-25T15:56:51.763+0900][gc            ] GC(5) Pause Young (Normal) (G1 Evacuation Pause) 186M->142M(1024M) 16.736ms
[2022-08-25T15:56:51.763+0900][gc,cpu        ] GC(5) User=0.03s Sys=0.01s Real=0.02s
[2022-08-25T15:58:58.569+0900][gc,start      ] GC(6) Pause Young (Normal) (G1 Evacuation Pause)
[2022-08-25T15:58:58.570+0900][gc,task       ] GC(6) Using 8 workers of 8 for evacuation
[2022-08-25T15:58:58.583+0900][gc,phases     ] GC(6)   Pre Evacuate Collection Set: 0.3ms
[2022-08-25T15:58:58.583+0900][gc,phases     ] GC(6)   Evacuate Collection Set: 12.4ms
[2022-08-25T15:58:58.583+0900][gc,phases     ] GC(6)   Post Evacuate Collection Set: 0.8ms
[2022-08-25T15:58:58.583+0900][gc,phases     ] GC(6)   Other: 0.4ms
[2022-08-25T15:58:58.583+0900][gc,heap       ] GC(6) Eden regions: 44->0(47)
[2022-08-25T15:58:58.583+0900][gc,heap       ] GC(6) Survivor regions: 7->4(7)
[2022-08-25T15:58:58.583+0900][gc,heap       ] GC(6) Old regions: 7->13
[2022-08-25T15:58:58.583+0900][gc,heap       ] GC(6) Humongous regions: 129->129
[2022-08-25T15:58:58.583+0900][gc,metaspace  ] GC(6) Metaspace: 49369K->49369K(1093632K)
[2022-08-25T15:58:58.583+0900][gc            ] GC(6) Pause Young (Normal) (G1 Evacuation Pause) 186M->144M(1024M) 13.971ms
[2022-08-25T15:58:58.583+0900][gc,cpu        ] GC(6) User=0.04s Sys=0.03s Real=0.02s
[2022-08-25T16:10:54.735+0900][gc,start      ] GC(7) Pause Young (Normal) (G1 Evacuation Pause)
[2022-08-25T16:10:54.735+0900][gc,task       ] GC(7) Using 8 workers of 8 for evacuation
[2022-08-25T16:10:54.769+0900][gc,mmu        ] GC(7) MMU target violated: 21.0ms (20.0ms/21.0ms)
[2022-08-25T16:10:54.769+0900][gc,phases     ] GC(7)   Pre Evacuate Collection Set: 0.5ms
[2022-08-25T16:10:54.769+0900][gc,phases     ] GC(7)   Evacuate Collection Set: 32.6ms
[2022-08-25T16:10:54.769+0900][gc,phases     ] GC(7)   Post Evacuate Collection Set: 0.8ms
[2022-08-25T16:10:54.769+0900][gc,phases     ] GC(7)   Other: 0.8ms
[2022-08-25T16:10:54.769+0900][gc,heap       ] GC(7) Eden regions: 47->0(46)
[2022-08-25T16:10:54.769+0900][gc,heap       ] GC(7) Survivor regions: 4->5(7)
[2022-08-25T16:10:54.769+0900][gc,heap       ] GC(7) Old regions: 13->13
[2022-08-25T16:10:54.769+0900][gc,heap       ] GC(7) Humongous regions: 129->129
[2022-08-25T16:10:54.769+0900][gc,metaspace  ] GC(7) Metaspace: 51627K->51627K(1095680K)
[2022-08-25T16:10:54.769+0900][gc            ] GC(7) Pause Young (Normal) (G1 Evacuation Pause) 191M->146M(1024M) 34.781ms
[2022-08-25T16:10:54.769+0900][gc,cpu        ] GC(7) User=0.08s Sys=0.05s Real=0.03s
[2022-08-25T16:25:06.801+0900][gc,start      ] GC(8) Pause Young (Normal) (G1 Evacuation Pause)
[2022-08-25T16:25:06.801+0900][gc,task       ] GC(8) Using 8 workers of 8 for evacuation
[2022-08-25T16:25:06.840+0900][gc,mmu        ] GC(8) MMU target violated: 21.0ms (20.0ms/21.0ms)
[2022-08-25T16:25:06.840+0900][gc,phases     ] GC(8)   Pre Evacuate Collection Set: 0.9ms
[2022-08-25T16:25:06.840+0900][gc,phases     ] GC(8)   Evacuate Collection Set: 37.4ms
[2022-08-25T16:25:06.840+0900][gc,phases     ] GC(8)   Post Evacuate Collection Set: 0.7ms
[2022-08-25T16:25:06.841+0900][gc,phases     ] GC(8)   Other: 1.0ms
[2022-08-25T16:25:06.841+0900][gc,heap       ] GC(8) Eden regions: 46->0(48)
[2022-08-25T16:25:06.841+0900][gc,heap       ] GC(8) Survivor regions: 5->3(7)
[2022-08-25T16:25:06.841+0900][gc,heap       ] GC(8) Old regions: 13->16
[2022-08-25T16:25:06.841+0900][gc,heap       ] GC(8) Humongous regions: 129->129
[2022-08-25T16:25:06.841+0900][gc,metaspace  ] GC(8) Metaspace: 51749K->51749K(1095680K)
[2022-08-25T16:25:06.841+0900][gc            ] GC(8) Pause Young (Normal) (G1 Evacuation Pause) 192M->146M(1024M) 40.123ms
[2022-08-25T16:25:06.841+0900][gc,cpu        ] GC(8) User=0.14s Sys=0.07s Real=0.04s
[2022-08-25T16:52:53.106+0900][gc,start      ] GC(9) Pause Young (Normal) (G1 Evacuation Pause)
[2022-08-25T16:52:53.107+0900][gc,task       ] GC(9) Using 8 workers of 8 for evacuation
[2022-08-25T16:52:53.143+0900][gc,mmu        ] GC(9) MMU target violated: 21.0ms (20.0ms/21.0ms)
[2022-08-25T16:52:53.143+0900][gc,phases     ] GC(9)   Pre Evacuate Collection Set: 0.9ms
[2022-08-25T16:52:53.143+0900][gc,phases     ] GC(9)   Evacuate Collection Set: 33.9ms
[2022-08-25T16:52:53.143+0900][gc,phases     ] GC(9)   Post Evacuate Collection Set: 0.7ms
[2022-08-25T16:52:53.143+0900][gc,phases     ] GC(9)   Other: 1.4ms
[2022-08-25T16:52:53.143+0900][gc,heap       ] GC(9) Eden regions: 48->0(47)
[2022-08-25T16:52:53.143+0900][gc,heap       ] GC(9) Survivor regions: 3->4(7)
[2022-08-25T16:52:53.143+0900][gc,heap       ] GC(9) Old regions: 16->16
[2022-08-25T16:52:53.143+0900][gc,heap       ] GC(9) Humongous regions: 129->129
[2022-08-25T16:52:53.143+0900][gc,metaspace  ] GC(9) Metaspace: 51892K->51892K(1095680K)
[2022-08-25T16:52:53.143+0900][gc            ] GC(9) Pause Young (Normal) (G1 Evacuation Pause) 194M->147M(1024M) 36.921ms
[2022-08-25T16:52:53.143+0900][gc,cpu        ] GC(9) User=0.13s Sys=0.04s Real=0.04s
[2022-08-25T17:14:58.693+0900][gc,start      ] GC(10) Pause Young (Normal) (G1 Evacuation Pause)
[2022-08-25T17:14:58.693+0900][gc,task       ] GC(10) Using 8 workers of 8 for evacuation
[2022-08-25T17:14:58.717+0900][gc,mmu        ] GC(10) MMU target violated: 21.0ms (20.0ms/21.0ms)
[2022-08-25T17:14:58.717+0900][gc,phases     ] GC(10)   Pre Evacuate Collection Set: 0.4ms
[2022-08-25T17:14:58.717+0900][gc,phases     ] GC(10)   Evacuate Collection Set: 22.4ms
[2022-08-25T17:14:58.717+0900][gc,phases     ] GC(10)   Post Evacuate Collection Set: 0.5ms
[2022-08-25T17:14:58.717+0900][gc,phases     ] GC(10)   Other: 0.5ms
[2022-08-25T17:14:58.717+0900][gc,heap       ] GC(10) Eden regions: 47->0(49)
[2022-08-25T17:14:58.717+0900][gc,heap       ] GC(10) Survivor regions: 4->4(7)
[2022-08-25T17:14:58.717+0900][gc,heap       ] GC(10) Old regions: 16->16
[2022-08-25T17:14:58.717+0900][gc,heap       ] GC(10) Humongous regions: 129->129
[2022-08-25T17:14:58.717+0900][gc,metaspace  ] GC(10) Metaspace: 51984K->51984K(1097728K)
[2022-08-25T17:14:58.717+0900][gc            ] GC(10) Pause Young (Normal) (G1 Evacuation Pause) 194M->147M(1024M) 23.860ms
[2022-08-25T17:14:58.717+0900][gc,cpu        ] GC(10) User=0.08s Sys=0.03s Real=0.02s
[2022-08-25T17:30:56.624+0900][gc,start      ] GC(11) Pause Young (Normal) (G1 Evacuation Pause)
[2022-08-25T17:30:56.624+0900][gc,task       ] GC(11) Using 8 workers of 8 for evacuation
[2022-08-25T17:30:56.659+0900][gc,mmu        ] GC(11) MMU target violated: 21.0ms (20.0ms/21.0ms)
[2022-08-25T17:30:56.659+0900][gc,phases     ] GC(11)   Pre Evacuate Collection Set: 0.8ms
[2022-08-25T17:30:56.659+0900][gc,phases     ] GC(11)   Evacuate Collection Set: 32.4ms
[2022-08-25T17:30:56.659+0900][gc,phases     ] GC(11)   Post Evacuate Collection Set: 0.7ms
[2022-08-25T17:30:56.659+0900][gc,phases     ] GC(11)   Other: 1.6ms
[2022-08-25T17:30:56.659+0900][gc,heap       ] GC(11) Eden regions: 49->0(180)
[2022-08-25T17:30:56.659+0900][gc,heap       ] GC(11) Survivor regions: 4->4(7)
[2022-08-25T17:30:56.659+0900][gc,heap       ] GC(11) Old regions: 16->16
[2022-08-25T17:30:56.659+0900][gc,heap       ] GC(11) Humongous regions: 129->129
[2022-08-25T17:30:56.659+0900][gc,metaspace  ] GC(11) Metaspace: 52044K->52044K(1097728K)
[2022-08-25T17:30:56.660+0900][gc            ] GC(11) Pause Young (Normal) (G1 Evacuation Pause) 196M->147M(1024M) 35.570ms
[2022-08-25T17:30:56.660+0900][gc,cpu        ] GC(11) User=0.12s Sys=0.05s Real=0.04s
[2022-08-25T18:03:29.767+0900][gc,start      ] GC(12) Pause Young (Normal) (G1 Evacuation Pause)
[2022-08-25T18:03:29.769+0900][gc,task       ] GC(12) Using 8 workers of 8 for evacuation
[2022-08-25T18:03:29.815+0900][gc,mmu        ] GC(12) MMU target violated: 21.0ms (20.0ms/21.0ms)
[2022-08-25T18:03:29.815+0900][gc,phases     ] GC(12)   Pre Evacuate Collection Set: 0.4ms
[2022-08-25T18:03:29.815+0900][gc,phases     ] GC(12)   Evacuate Collection Set: 42.8ms
[2022-08-25T18:03:29.815+0900][gc,phases     ] GC(12)   Post Evacuate Collection Set: 1.2ms
[2022-08-25T18:03:29.815+0900][gc,phases     ] GC(12)   Other: 3.6ms
[2022-08-25T18:03:29.815+0900][gc,heap       ] GC(12) Eden regions: 180->0(92)
[2022-08-25T18:03:29.815+0900][gc,heap       ] GC(12) Survivor regions: 4->4(23)
[2022-08-25T18:03:29.815+0900][gc,heap       ] GC(12) Old regions: 16->16
[2022-08-25T18:03:29.815+0900][gc,heap       ] GC(12) Humongous regions: 129->129
[2022-08-25T18:03:29.815+0900][gc,metaspace  ] GC(12) Metaspace: 52683K->52683K(1097728K)
[2022-08-25T18:03:29.815+0900][gc            ] GC(12) Pause Young (Normal) (G1 Evacuation Pause) 327M->148M(1024M) 48.031ms
[2022-08-25T18:03:29.815+0900][gc,cpu        ] GC(12) User=0.13s Sys=0.05s Real=0.05s
[2022-08-25T18:06:53.784+0900][gc,start      ] GC(13) Pause Young (Normal) (G1 Evacuation Pause)
[2022-08-25T18:06:53.785+0900][gc,task       ] GC(13) Using 8 workers of 8 for evacuation
[2022-08-25T18:06:53.819+0900][gc,mmu        ] GC(13) MMU target violated: 21.0ms (20.0ms/21.0ms)
[2022-08-25T18:06:53.819+0900][gc,phases     ] GC(13)   Pre Evacuate Collection Set: 0.7ms
[2022-08-25T18:06:53.819+0900][gc,phases     ] GC(13)   Evacuate Collection Set: 31.7ms
[2022-08-25T18:06:53.819+0900][gc,phases     ] GC(13)   Post Evacuate Collection Set: 1.0ms
[2022-08-25T18:06:53.819+0900][gc,phases     ] GC(13)   Other: 2.2ms
[2022-08-25T18:06:53.820+0900][gc,heap       ] GC(13) Eden regions: 56->0(69)
[2022-08-25T18:06:53.820+0900][gc,heap       ] GC(13) Survivor regions: 4->4(8)
[2022-08-25T18:06:53.820+0900][gc,heap       ] GC(13) Old regions: 16->16
[2022-08-25T18:06:53.820+0900][gc,heap       ] GC(13) Humongous regions: 129->129
[2022-08-25T18:06:53.820+0900][gc,metaspace  ] GC(13) Metaspace: 52692K->52692K(1097728K)
[2022-08-25T18:06:53.820+0900][gc            ] GC(13) Pause Young (Normal) (G1 Evacuation Pause) 204M->148M(1024M) 35.689ms
[2022-08-25T18:06:53.820+0900][gc,cpu        ] GC(13) User=0.12s Sys=0.03s Real=0.04s
[2022-08-25T18:10:44.804+0900][gc,start      ] GC(14) Pause Young (Normal) (G1 Evacuation Pause)
[2022-08-25T18:10:44.805+0900][gc,task       ] GC(14) Using 8 workers of 8 for evacuation
[2022-08-25T18:10:44.831+0900][gc,mmu        ] GC(14) MMU target violated: 21.0ms (20.0ms/21.0ms)
[2022-08-25T18:10:44.831+0900][gc,phases     ] GC(14)   Pre Evacuate Collection Set: 0.2ms
[2022-08-25T18:10:44.831+0900][gc,phases     ] GC(14)   Evacuate Collection Set: 23.9ms
[2022-08-25T18:10:44.831+0900][gc,phases     ] GC(14)   Post Evacuate Collection Set: 0.9ms
[2022-08-25T18:10:44.831+0900][gc,phases     ] GC(14)   Other: 2.1ms
[2022-08-25T18:10:44.831+0900][gc,heap       ] GC(14) Eden regions: 63->0(73)
[2022-08-25T18:10:44.831+0900][gc,heap       ] GC(14) Survivor regions: 4->5(9)
[2022-08-25T18:10:44.831+0900][gc,heap       ] GC(14) Old regions: 16->16
[2022-08-25T18:10:44.831+0900][gc,heap       ] GC(14) Humongous regions: 129->129
[2022-08-25T18:10:44.831+0900][gc,metaspace  ] GC(14) Metaspace: 52701K->52701K(1097728K)
[2022-08-25T18:10:44.831+0900][gc            ] GC(14) Pause Young (Normal) (G1 Evacuation Pause) 211M->148M(1024M) 27.239ms
[2022-08-25T18:10:44.831+0900][gc,cpu        ] GC(14) User=0.09s Sys=0.02s Real=0.03s
[2022-08-25T18:15:02.815+0900][gc,start      ] GC(15) Pause Young (Normal) (G1 Evacuation Pause)
[2022-08-25T18:15:02.817+0900][gc,task       ] GC(15) Using 8 workers of 8 for evacuation
[2022-08-25T18:15:02.844+0900][gc,mmu        ] GC(15) MMU target violated: 21.0ms (20.0ms/21.0ms)
[2022-08-25T18:15:02.844+0900][gc,phases     ] GC(15)   Pre Evacuate Collection Set: 0.2ms
[2022-08-25T18:15:02.844+0900][gc,phases     ] GC(15)   Evacuate Collection Set: 26.1ms
[2022-08-25T18:15:02.844+0900][gc,phases     ] GC(15)   Post Evacuate Collection Set: 0.7ms
[2022-08-25T18:15:02.845+0900][gc,phases     ] GC(15)   Other: 2.4ms
[2022-08-25T18:15:02.845+0900][gc,heap       ] GC(15) Eden regions: 73->0(79)
[2022-08-25T18:15:02.845+0900][gc,heap       ] GC(15) Survivor regions: 5->6(10)
[2022-08-25T18:15:02.845+0900][gc,heap       ] GC(15) Old regions: 16->16
[2022-08-25T18:15:02.845+0900][gc,heap       ] GC(15) Humongous regions: 129->129
[2022-08-25T18:15:02.845+0900][gc,metaspace  ] GC(15) Metaspace: 52702K->52702K(1097728K)
[2022-08-25T18:15:02.845+0900][gc            ] GC(15) Pause Young (Normal) (G1 Evacuation Pause) 221M->150M(1024M) 29.608ms
[2022-08-25T18:15:02.845+0900][gc,cpu        ] GC(15) User=0.10s Sys=0.02s Real=0.03s
[2022-08-25T18:32:57.264+0900][gc,start      ] GC(16) Pause Young (Normal) (G1 Evacuation Pause)
[2022-08-25T18:32:57.264+0900][gc,task       ] GC(16) Using 8 workers of 8 for evacuation
[2022-08-25T18:32:57.282+0900][gc,phases     ] GC(16)   Pre Evacuate Collection Set: 0.5ms
[2022-08-25T18:32:57.282+0900][gc,phases     ] GC(16)   Evacuate Collection Set: 17.2ms
[2022-08-25T18:32:57.282+0900][gc,phases     ] GC(16)   Post Evacuate Collection Set: 0.5ms
[2022-08-25T18:32:57.282+0900][gc,phases     ] GC(16)   Other: 0.5ms
[2022-08-25T18:32:57.282+0900][gc,heap       ] GC(16) Eden regions: 65->0(95)
[2022-08-25T18:32:57.282+0900][gc,heap       ] GC(16) Survivor regions: 6->3(9)
[2022-08-25T18:32:57.282+0900][gc,heap       ] GC(16) Old regions: 16->17
[2022-08-25T18:32:57.283+0900][gc,heap       ] GC(16) Humongous regions: 129->129
[2022-08-25T18:32:57.283+0900][gc,metaspace  ] GC(16) Metaspace: 53460K->53460K(1097728K)
[2022-08-25T18:32:57.283+0900][gc            ] GC(16) Pause Young (Normal) (G1 Evacuation Pause) 215M->148M(1024M) 18.990ms
[2022-08-25T18:32:57.283+0900][gc,cpu        ] GC(16) User=0.09s Sys=0.02s Real=0.02s
[2022-08-25T18:33:00.036+0900][gc,heap,exit  ] Heap
[2022-08-25T18:33:00.036+0900][gc,heap,exit  ]  garbage-first heap   total 1048576K, used 155768K [0x00000007c0000000, 0x0000000800000000)
[2022-08-25T18:33:00.036+0900][gc,heap,exit  ]   region size 1024K, 8 young (8192K), 3 survivors (3072K)
[2022-08-25T18:33:00.036+0900][gc,heap,exit  ]  Metaspace       used 53656K, capacity 56659K, committed 56752K, reserved 1097728K
[2022-08-25T18:33:00.036+0900][gc,heap,exit  ]   class space    used 6710K, capacity 8181K, committed 8192K, reserved 1048576K
