[2022-08-11T12:15:24.395+0900][gc,heap] Heap region size: 1M
[2022-08-11T12:15:24.398+0900][gc     ] Using G1
[2022-08-11T12:15:24.398+0900][gc,heap,coops] Heap address: 0x00000007e0000000, size: 512 MB, Compressed Oops mode: Zero based, Oop shift amount: 3
[2022-08-11T12:15:25.319+0900][gc,start     ] GC(0) Pause Young (Normal) (G1 Evacuation Pause)
[2022-08-11T12:15:25.319+0900][gc,task      ] GC(0) Using 8 workers of 8 for evacuation
[2022-08-11T12:15:25.330+0900][gc,phases    ] GC(0)   Pre Evacuate Collection Set: 0.0ms
[2022-08-11T12:15:25.330+0900][gc,phases    ] GC(0)   Evacuate Collection Set: 10.6ms
[2022-08-11T12:15:25.330+0900][gc,phases    ] GC(0)   Post Evacuate Collection Set: 0.3ms
[2022-08-11T12:15:25.330+0900][gc,phases    ] GC(0)   Other: 1.1ms
[2022-08-11T12:15:25.330+0900][gc,heap      ] GC(0) Eden regions: 25->0(21)
[2022-08-11T12:15:25.330+0900][gc,heap      ] GC(0) Survivor regions: 0->4(4)
[2022-08-11T12:15:25.330+0900][gc,heap      ] GC(0) Old regions: 0->4
[2022-08-11T12:15:25.330+0900][gc,heap      ] GC(0) Humongous regions: 0->0
[2022-08-11T12:15:25.330+0900][gc,metaspace ] GC(0) Metaspace: 15174K->15174K(1062912K)
[2022-08-11T12:15:25.330+0900][gc           ] GC(0) Pause Young (Normal) (G1 Evacuation Pause) 25M->7M(512M) 11.614ms
[2022-08-11T12:15:25.330+0900][gc,cpu       ] GC(0) User=0.04s Sys=0.02s Real=0.02s
[2022-08-11T16:45:07.871+0900][gc,start     ] GC(1) Pause Young (Normal) (G1 Evacuation Pause)
[2022-08-11T16:45:07.872+0900][gc,task      ] GC(1) Using 8 workers of 8 for evacuation
[2022-08-11T16:45:07.914+0900][gc,mmu       ] GC(1) MMU target violated: 21.0ms (20.0ms/21.0ms)
[2022-08-11T16:45:07.915+0900][gc,phases    ] GC(1)   Pre Evacuate Collection Set: 0.3ms
[2022-08-11T16:45:07.915+0900][gc,phases    ] GC(1)   Evacuate Collection Set: 41.7ms
[2022-08-11T16:45:07.915+0900][gc,phases    ] GC(1)   Post Evacuate Collection Set: 0.4ms
[2022-08-11T16:45:07.915+0900][gc,phases    ] GC(1)   Other: 1.6ms
[2022-08-11T16:45:07.915+0900][gc,heap      ] GC(1) Eden regions: 21->0(24)
[2022-08-11T16:45:07.915+0900][gc,heap      ] GC(1) Survivor regions: 4->1(4)
[2022-08-11T16:45:07.915+0900][gc,heap      ] GC(1) Old regions: 4->8
[2022-08-11T16:45:07.915+0900][gc,heap      ] GC(1) Humongous regions: 0->0
[2022-08-11T16:45:07.915+0900][gc,metaspace ] GC(1) Metaspace: 16951K->16951K(1064960K)
[2022-08-11T16:45:07.915+0900][gc           ] GC(1) Pause Young (Normal) (G1 Evacuation Pause) 28M->8M(512M) 44.090ms
[2022-08-11T16:45:07.915+0900][gc,cpu       ] GC(1) User=0.17s Sys=0.07s Real=0.04s
[2022-08-11T17:31:08.861+0900][gc,heap,exit ] Heap
[2022-08-11T17:31:08.861+0900][gc,heap,exit ]  garbage-first heap   total 524288K, used 12369K [0x00000007e0000000, 0x0000000800000000)
[2022-08-11T17:31:08.861+0900][gc,heap,exit ]   region size 1024K, 6 young (6144K), 1 survivors (1024K)
[2022-08-11T17:31:08.861+0900][gc,heap,exit ]  Metaspace       used 16977K, capacity 17346K, committed 17664K, reserved 1064960K
[2022-08-11T17:31:08.862+0900][gc,heap,exit ]   class space    used 1636K, capacity 1782K, committed 1792K, reserved 1048576K
