[2022-08-25T15:55:55.884+0900][gc,heap] Heap region size: 1M
[2022-08-25T15:55:55.888+0900][gc     ] Using G1
[2022-08-25T15:55:55.888+0900][gc,heap,coops] Heap address: 0x00000007e0000000, size: 512 MB, Compressed Oops mode: Zero based, Oop shift amount: 3
[2022-08-25T15:55:56.913+0900][gc,start     ] GC(0) Pause Young (Normal) (G1 Evacuation Pause)
[2022-08-25T15:55:56.913+0900][gc,task      ] GC(0) Using 8 workers of 8 for evacuation
[2022-08-25T15:55:56.924+0900][gc,phases    ] GC(0)   Pre Evacuate Collection Set: 0.0ms
[2022-08-25T15:55:56.924+0900][gc,phases    ] GC(0)   Evacuate Collection Set: 10.7ms
[2022-08-25T15:55:56.924+0900][gc,phases    ] GC(0)   Post Evacuate Collection Set: 0.3ms
[2022-08-25T15:55:56.924+0900][gc,phases    ] GC(0)   Other: 0.9ms
[2022-08-25T15:55:56.924+0900][gc,heap      ] GC(0) Eden regions: 25->0(21)
[2022-08-25T15:55:56.924+0900][gc,heap      ] GC(0) Survivor regions: 0->4(4)
[2022-08-25T15:55:56.924+0900][gc,heap      ] GC(0) Old regions: 0->4
[2022-08-25T15:55:56.924+0900][gc,heap      ] GC(0) Humongous regions: 0->0
[2022-08-25T15:55:56.924+0900][gc,metaspace ] GC(0) Metaspace: 15168K->15168K(1062912K)
[2022-08-25T15:55:56.924+0900][gc           ] GC(0) Pause Young (Normal) (G1 Evacuation Pause) 25M->7M(512M) 11.623ms
[2022-08-25T15:55:56.924+0900][gc,cpu       ] GC(0) User=0.04s Sys=0.01s Real=0.01s
[2022-08-25T18:32:50.611+0900][gc,start     ] GC(1) Pause Young (Normal) (G1 Evacuation Pause)
[2022-08-25T18:32:50.612+0900][gc,task      ] GC(1) Using 8 workers of 8 for evacuation
[2022-08-25T18:32:50.658+0900][gc,mmu       ] GC(1) MMU target violated: 21.0ms (20.0ms/21.0ms)
[2022-08-25T18:32:50.658+0900][gc,phases    ] GC(1)   Pre Evacuate Collection Set: 0.2ms
[2022-08-25T18:32:50.658+0900][gc,phases    ] GC(1)   Evacuate Collection Set: 45.0ms
[2022-08-25T18:32:50.658+0900][gc,phases    ] GC(1)   Post Evacuate Collection Set: 0.5ms
[2022-08-25T18:32:50.658+0900][gc,phases    ] GC(1)   Other: 1.2ms
[2022-08-25T18:32:50.658+0900][gc,heap      ] GC(1) Eden regions: 21->0(24)
[2022-08-25T18:32:50.658+0900][gc,heap      ] GC(1) Survivor regions: 4->1(4)
[2022-08-25T18:32:50.658+0900][gc,heap      ] GC(1) Old regions: 4->8
[2022-08-25T18:32:50.658+0900][gc,heap      ] GC(1) Humongous regions: 0->0
[2022-08-25T18:32:50.658+0900][gc,metaspace ] GC(1) Metaspace: 16990K->16990K(1064960K)
[2022-08-25T18:32:50.658+0900][gc           ] GC(1) Pause Young (Normal) (G1 Evacuation Pause) 28M->8M(512M) 46.948ms
[2022-08-25T18:32:50.658+0900][gc,cpu       ] GC(1) User=0.14s Sys=0.08s Real=0.04s
[2022-08-25T18:32:50.662+0900][gc,heap,exit ] Heap
[2022-08-25T18:32:50.662+0900][gc,heap,exit ]  garbage-first heap   total 524288K, used 8384K [0x00000007e0000000, 0x0000000800000000)
[2022-08-25T18:32:50.662+0900][gc,heap,exit ]   region size 1024K, 2 young (2048K), 1 survivors (1024K)
[2022-08-25T18:32:50.662+0900][gc,heap,exit ]  Metaspace       used 16990K, capacity 17378K, committed 17664K, reserved 1064960K
[2022-08-25T18:32:50.662+0900][gc,heap,exit ]   class space    used 1635K, capacity 1750K, committed 1792K, reserved 1048576K
